./src/index.js
terser/dist/bundle.min.js
source-map/source-map.js
source-map/lib/source-map-generator.js
source-map/lib/source-map-consumer.js
source-map/lib/source-node.js
source-map/lib/base64-vlq.js
source-map/lib/util.js
source-map/lib/array-set.js
source-map/lib/mapping-list.js
source-map/lib/util.js
source-map/lib/binary-search.js
source-map/lib/array-set.js
source-map/lib/base64-vlq.js
source-map/lib/quick-sort.js
source-map/lib/source-map-generator.js
source-map/lib/util.js
source-map/lib/base64.js
source-map/lib/util.js
source-map/lib/util.js
source-map/lib/util.js
source-map/lib/base64.js
source-map/lib/base64-vlq.js
source-map/lib/util.js
source-map/lib/array-set.js
source-map/lib/mapping-list.js
source-map/lib/base64.js
source-map/lib/util.js
source-map/lib/util.js
